I'm sorry, but errors were detected in your script. Please correct the
errors listed below, and try again.


File "game/screens.rpy", line 138: style property xzoom is not known.
    xzoom 0.5 
         ^

Ren'Py Version: Ren'Py 7.4.11.2266
Tue Apr 12 18:54:55 2022
